[[1;34mINFO[m] Scanning for projects...
[[1;34mINFO[m] 
[[1;34mINFO[m] [1m--------------------< [0;36mcom.timetable:timetable-api[0;1m >---------------------[m
[[1;34mINFO[m] [1mBuilding timetable-api 0.0.1-SNAPSHOT[m
[[1;34mINFO[m]   from pom.xml
[[1;34mINFO[m] [1m--------------------------------[ jar ]---------------------------------[m
[[1;34mINFO[m] 
[[1;34mINFO[m] [1m>>> [0;32mspring-boot:3.5.7:run[m [1m(default-cli)[0;1m > [0;1mtest-compile[m @ [36mtimetable-api[0;1m >>>[m
[[1;34mINFO[m] 
[[1;34mINFO[m] [1m--- [0;32mresources:3.3.1:resources[m [1m(default-resources)[m @ [36mtimetable-api[0;1m ---[m
[[1;34mINFO[m] Copying 1 resource from src/main/resources to target/classes
[[1;34mINFO[m] Copying 4 resources from src/main/resources to target/classes
[[1;34mINFO[m] 
[[1;34mINFO[m] [1m--- [0;32mcompiler:3.14.1:compile[m [1m(default-compile)[m @ [36mtimetable-api[0;1m ---[m
[[1;34mINFO[m] Nothing to compile - all classes are up to date.
[[1;34mINFO[m] 
[[1;34mINFO[m] [1m--- [0;32mresources:3.3.1:testResources[m [1m(default-testResources)[m @ [36mtimetable-api[0;1m ---[m
[[1;34mINFO[m] Copying 1 resource from src/test/resources to target/test-classes
[[1;34mINFO[m] 
[[1;34mINFO[m] [1m--- [0;32mcompiler:3.14.1:testCompile[m [1m(default-testCompile)[m @ [36mtimetable-api[0;1m ---[m
[[1;34mINFO[m] Nothing to compile - all classes are up to date.
[[1;34mINFO[m] 
[[1;34mINFO[m] [1m<<< [0;32mspring-boot:3.5.7:run[m [1m(default-cli)[0;1m < [0;1mtest-compile[m @ [36mtimetable-api[0;1m <<<[m
[[1;34mINFO[m] 
[[1;34mINFO[m] 
[[1;34mINFO[m] [1m--- [0;32mspring-boot:3.5.7:run[m [1m(default-cli)[m @ [36mtimetable-api[0;1m ---[m
[[1;34mINFO[m] Attaching agents: []

  .   ____          _            __ _ _
 /\\ / ___'_ __ _ _(_)_ __  __ _ \ \ \ \
( ( )\___ | '_ | '_| | '_ \/ _` | \ \ \ \
 \\/  ___)| |_)| | | | | || (_| |  ) ) ) )
  '  |____| .__|_| |_|_| |_\__, | / / / /
 =========|_|==============|___/=/_/_/_/

 :: Spring Boot ::                (v3.5.7)

2026-02-09T19:52:16.420+05:30  INFO 413338 --- [           main] c.t.t.TimetableApiApplication            : Starting TimetableApiApplication using Java 21.0.10 with PID 413338 (/home/vaibhav-sharma/Projects/schedulePlanner/mini_project/backend/target/classes started by vaibhav-sharma in /home/vaibhav-sharma/Projects/schedulePlanner/mini_project/backend)
2026-02-09T19:52:16.437+05:30  INFO 413338 --- [           main] c.t.t.TimetableApiApplication            : No active profile set, falling back to 1 default profile: "default"
2026-02-09T19:52:18.298+05:30  INFO 413338 --- [           main] .s.d.r.c.RepositoryConfigurationDelegate : Bootstrapping Spring Data JPA repositories in DEFAULT mode.
2026-02-09T19:52:18.510+05:30  INFO 413338 --- [           main] .s.d.r.c.RepositoryConfigurationDelegate : Finished Spring Data repository scanning in 197 ms. Found 12 JPA repository interfaces.
2026-02-09T19:52:19.545+05:30  INFO 413338 --- [           main] o.s.b.w.embedded.tomcat.TomcatWebServer  : Tomcat initialized with port 8080 (http)
2026-02-09T19:52:19.568+05:30  INFO 413338 --- [           main] o.apache.catalina.core.StandardService   : Starting service [Tomcat]
2026-02-09T19:52:19.569+05:30  INFO 413338 --- [           main] o.apache.catalina.core.StandardEngine    : Starting Servlet engine: [Apache Tomcat/10.1.48]
2026-02-09T19:52:19.648+05:30  INFO 413338 --- [           main] o.a.c.c.C.[Tomcat].[localhost].[/]       : Initializing Spring embedded WebApplicationContext
2026-02-09T19:52:19.650+05:30  INFO 413338 --- [           main] w.s.c.ServletWebServerApplicationContext : Root WebApplicationContext: initialization completed in 2950 ms
2026-02-09T19:52:20.163+05:30  INFO 413338 --- [           main] com.zaxxer.hikari.HikariDataSource       : HikariPool-1 - Starting...
2026-02-09T19:52:22.606+05:30  INFO 413338 --- [           main] com.zaxxer.hikari.pool.HikariPool        : HikariPool-1 - Added connection org.postgresql.jdbc.PgConnection@77c66a4f
2026-02-09T19:52:22.608+05:30  INFO 413338 --- [           main] com.zaxxer.hikari.HikariDataSource       : HikariPool-1 - Start completed.
2026-02-09T19:52:22.937+05:30  INFO 413338 --- [           main] org.flywaydb.core.FlywayExecutor         : Database: jdbc:postgresql://aws-1-ap-northeast-2.pooler.supabase.com:6543/postgres (PostgreSQL 17.6)
2026-02-09T19:52:24.730+05:30  WARN 413338 --- [           main] o.f.c.internal.database.base.Database    : Flyway upgrade recommended: PostgreSQL 17.6 is newer than this version of Flyway and support has not been tested. The latest supported version of PostgreSQL is 16.
2026-02-09T19:52:26.437+05:30  INFO 413338 --- [           main] o.f.core.internal.command.DbValidate     : Successfully validated 3 migrations (execution time 00:01.233s)
2026-02-09T19:52:29.195+05:30  INFO 413338 --- [           main] o.f.core.internal.command.DbMigrate      : Current version of schema "public": 3
2026-02-09T19:52:29.328+05:30  INFO 413338 --- [           main] o.f.core.internal.command.DbMigrate      : Schema "public" is up to date. No migration necessary.
2026-02-09T19:52:30.309+05:30  INFO 413338 --- [           main] o.hibernate.jpa.internal.util.LogHelper  : HHH000204: Processing PersistenceUnitInfo [name: default]
2026-02-09T19:52:30.348+05:30  INFO 413338 --- [           main] org.hibernate.Version                    : HHH000412: Hibernate ORM core version 6.6.33.Final
2026-02-09T19:52:30.374+05:30  INFO 413338 --- [           main] o.h.c.internal.RegionFactoryInitiator    : HHH000026: Second-level cache disabled
2026-02-09T19:52:30.717+05:30  INFO 413338 --- [           main] o.s.o.j.p.SpringPersistenceUnitInfo      : No LoadTimeWeaver setup: ignoring JPA class transformer
2026-02-09T19:52:31.084+05:30  WARN 413338 --- [           main] org.hibernate.orm.deprecation            : HHH90000025: PostgreSQLDialect does not need to be specified explicitly using 'hibernate.dialect' (remove the property setting and it will be selected by default)
2026-02-09T19:52:31.382+05:30  INFO 413338 --- [           main] org.hibernate.orm.connections.pooling    : HHH10001005: Database info:
	Database JDBC URL [Connecting through datasource 'HikariDataSource (HikariPool-1)']
	Database driver: undefined/unknown
	Database version: 17.6
	Autocommit mode: undefined/unknown
	Isolation level: undefined/unknown
	Minimum pool size: undefined/unknown
	Maximum pool size: undefined/unknown
2026-02-09T19:52:32.562+05:30  INFO 413338 --- [           main] o.h.e.t.j.p.i.JtaPlatformInitiator       : HHH000489: No JTA platform available (set 'hibernate.transaction.jta.platform' to enable JTA platform integration)
2026-02-09T19:52:33.514+05:30  INFO 413338 --- [           main] j.LocalContainerEntityManagerFactoryBean : Initialized JPA EntityManagerFactory for persistence unit 'default'
2026-02-09T19:52:34.073+05:30  INFO 413338 --- [           main] o.s.d.j.r.query.QueryEnhancerFactory     : Hibernate is in classpath; If applicable, HQL parser will be used.
2026-02-09T19:52:35.220+05:30  WARN 413338 --- [           main] JpaBaseConfiguration$JpaWebConfiguration : spring.jpa.open-in-view is enabled by default. Therefore, database queries may be performed during view rendering. Explicitly configure spring.jpa.open-in-view to disable this warning
2026-02-09T19:52:35.467+05:30  WARN 413338 --- [           main] .s.s.UserDetailsServiceAutoConfiguration : 

Using generated security password: 2ecc92cb-0ffe-4fca-a5a8-a3e9838a7851

This generated password is for development use only. Your security configuration must be updated before running your application in production.

2026-02-09T19:52:35.477+05:30  INFO 413338 --- [           main] r$InitializeUserDetailsManagerConfigurer : Global AuthenticationManager configured with UserDetailsService bean with name inMemoryUserDetailsManager
2026-02-09T19:52:35.837+05:30  INFO 413338 --- [           main] o.s.b.w.embedded.tomcat.TomcatWebServer  : Tomcat started on port 8080 (http) with context path '/'
2026-02-09T19:52:35.846+05:30  INFO 413338 --- [           main] c.t.t.TimetableApiApplication            : Started TimetableApiApplication in 20.406 seconds (process running for 20.99)
[[1;34mINFO[m] [1m------------------------------------------------------------------------[m
[[1;34mINFO[m] [1;31mBUILD FAILURE[m
[[1;34mINFO[m] [1m------------------------------------------------------------------------[m
[[1;34mINFO[m] Total time:  02:06 min
[[1;34mINFO[m] Finished at: 2026-02-09T19:54:16+05:30
[[1;34mINFO[m] [1m------------------------------------------------------------------------[m
[[1;31mERROR[m] Failed to execute goal [32morg.springframework.boot:spring-boot-maven-plugin:3.5.7:run[m [1m(default-cli)[m on project [36mtimetable-api[m: [1;31mProcess terminated with exit code: 137[m -> [1m[Help 1][m
[[1;31mERROR[m] 
[[1;31mERROR[m] To see the full stack trace of the errors, re-run Maven with the [1m-e[m switch.
[[1;31mERROR[m] Re-run Maven using the [1m-X[m switch to enable full debug logging.
[[1;31mERROR[m] 
[[1;31mERROR[m] For more information about the errors and possible solutions, please read the following articles:
[[1;31mERROR[m] [1m[Help 1][m http://cwiki.apache.org/confluence/display/MAVEN/MojoExecutionException
