[[1;34mINFO[m] Scanning for projects...
[[1;34mINFO[m] 
[[1;34mINFO[m] [1m--------------------< [0;36mcom.timetable:timetable-api[0;1m >---------------------[m
[[1;34mINFO[m] [1mBuilding timetable-api 0.0.1-SNAPSHOT[m
[[1;34mINFO[m]   from pom.xml
[[1;34mINFO[m] [1m--------------------------------[ jar ]---------------------------------[m
[[1;34mINFO[m] 
[[1;34mINFO[m] [1m>>> [0;32mspring-boot:3.5.7:run[m [1m(default-cli)[0;1m > [0;1mtest-compile[m @ [36mtimetable-api[0;1m >>>[m
[[1;34mINFO[m] 
[[1;34mINFO[m] [1m--- [0;32mresources:3.3.1:resources[m [1m(default-resources)[m @ [36mtimetable-api[0;1m ---[m
[[1;34mINFO[m] Copying 1 resource from src/main/resources to target/classes
[[1;34mINFO[m] Copying 5 resources from src/main/resources to target/classes
[[1;34mINFO[m] 
[[1;34mINFO[m] [1m--- [0;32mcompiler:3.14.1:compile[m [1m(default-compile)[m @ [36mtimetable-api[0;1m ---[m
[[1;34mINFO[m] Nothing to compile - all classes are up to date.
[[1;34mINFO[m] 
[[1;34mINFO[m] [1m--- [0;32mresources:3.3.1:testResources[m [1m(default-testResources)[m @ [36mtimetable-api[0;1m ---[m
[[1;34mINFO[m] Copying 1 resource from src/test/resources to target/test-classes
[[1;34mINFO[m] 
[[1;34mINFO[m] [1m--- [0;32mcompiler:3.14.1:testCompile[m [1m(default-testCompile)[m @ [36mtimetable-api[0;1m ---[m
[[1;34mINFO[m] Nothing to compile - all classes are up to date.
[[1;34mINFO[m] 
[[1;34mINFO[m] [1m<<< [0;32mspring-boot:3.5.7:run[m [1m(default-cli)[0;1m < [0;1mtest-compile[m @ [36mtimetable-api[0;1m <<<[m
[[1;34mINFO[m] 
[[1;34mINFO[m] 
[[1;34mINFO[m] [1m--- [0;32mspring-boot:3.5.7:run[m [1m(default-cli)[m @ [36mtimetable-api[0;1m ---[m
[[1;34mINFO[m] Attaching agents: []

  .   ____          _            __ _ _
 /\\ / ___'_ __ _ _(_)_ __  __ _ \ \ \ \
( ( )\___ | '_ | '_| | '_ \/ _` | \ \ \ \
 \\/  ___)| |_)| | | | | || (_| |  ) ) ) )
  '  |____| .__|_| |_|_| |_\__, | / / / /
 =========|_|==============|___/=/_/_/_/

 :: Spring Boot ::                (v3.5.7)

2026-02-10T14:15:20.604+05:30  INFO 610275 --- [           main] c.t.t.TimetableApiApplication            : Starting TimetableApiApplication using Java 21.0.10 with PID 610275 (/home/vaibhav-sharma/Projects/schedulePlanner/mini_project/backend/target/classes started by vaibhav-sharma in /home/vaibhav-sharma/Projects/schedulePlanner/mini_project/backend)
2026-02-10T14:15:20.612+05:30  INFO 610275 --- [           main] c.t.t.TimetableApiApplication            : No active profile set, falling back to 1 default profile: "default"
2026-02-10T14:15:21.793+05:30  INFO 610275 --- [           main] .s.d.r.c.RepositoryConfigurationDelegate : Bootstrapping Spring Data JPA repositories in DEFAULT mode.
2026-02-10T14:15:21.904+05:30  INFO 610275 --- [           main] .s.d.r.c.RepositoryConfigurationDelegate : Finished Spring Data repository scanning in 101 ms. Found 12 JPA repository interfaces.
2026-02-10T14:15:22.561+05:30  INFO 610275 --- [           main] o.s.b.w.embedded.tomcat.TomcatWebServer  : Tomcat initialized with port 8080 (http)
2026-02-10T14:15:22.585+05:30  INFO 610275 --- [           main] o.apache.catalina.core.StandardService   : Starting service [Tomcat]
2026-02-10T14:15:22.585+05:30  INFO 610275 --- [           main] o.apache.catalina.core.StandardEngine    : Starting Servlet engine: [Apache Tomcat/10.1.48]
2026-02-10T14:15:22.635+05:30  INFO 610275 --- [           main] o.a.c.c.C.[Tomcat].[localhost].[/]       : Initializing Spring embedded WebApplicationContext
2026-02-10T14:15:22.636+05:30  INFO 610275 --- [           main] w.s.c.ServletWebServerApplicationContext : Root WebApplicationContext: initialization completed in 1858 ms
2026-02-10T14:15:22.952+05:30  INFO 610275 --- [           main] com.zaxxer.hikari.HikariDataSource       : HikariPool-1 - Starting...
2026-02-10T14:15:30.945+05:30  INFO 610275 --- [           main] com.zaxxer.hikari.pool.HikariPool        : HikariPool-1 - Added connection org.postgresql.jdbc.PgConnection@7a3f08b6
2026-02-10T14:15:30.948+05:30  INFO 610275 --- [           main] com.zaxxer.hikari.HikariDataSource       : HikariPool-1 - Start completed.
2026-02-10T14:15:31.455+05:30  INFO 610275 --- [           main] org.flywaydb.core.FlywayExecutor         : Database: jdbc:postgresql://aws-1-ap-northeast-2.pooler.supabase.com:6543/postgres (PostgreSQL 17.6)
2026-02-10T14:15:32.881+05:30  WARN 610275 --- [           main] o.f.c.internal.database.base.Database    : Flyway upgrade recommended: PostgreSQL 17.6 is newer than this version of Flyway and support has not been tested. The latest supported version of PostgreSQL is 16.
2026-02-10T14:15:34.572+05:30  INFO 610275 --- [           main] o.f.c.i.command.clean.CleanExecutor      : Successfully dropped pre-schema database level objects (execution time 00:00.000s)
2026-02-10T14:15:39.917+05:30  INFO 610275 --- [           main] o.f.c.i.command.clean.CleanExecutor      : Successfully cleaned schema "public" (execution time 00:05.215s)
2026-02-10T14:15:42.093+05:30  INFO 610275 --- [           main] o.f.c.i.command.clean.CleanExecutor      : Successfully cleaned schema "public" (execution time 00:02.174s)
2026-02-10T14:15:42.095+05:30  INFO 610275 --- [           main] o.f.c.i.command.clean.CleanExecutor      : Successfully dropped post-schema database level objects (execution time 00:00.000s)
2026-02-10T14:15:43.646+05:30  INFO 610275 --- [           main] o.f.c.i.s.JdbcTableSchemaHistory         : Creating Schema History table "public"."flyway_schema_history" ...
2026-02-10T14:15:46.416+05:30  INFO 610275 --- [           main] o.f.core.internal.command.DbMigrate      : Current version of schema "public": << Empty Schema >>
2026-02-10T14:15:46.999+05:30  INFO 610275 --- [           main] o.f.core.internal.command.DbMigrate      : Migrating schema "public" to version "1 - init schema"
2026-02-10T14:15:52.748+05:30  INFO 610275 --- [           main] o.f.core.internal.command.DbMigrate      : Migrating schema "public" to version "2 - add constraints"
2026-02-10T14:16:01.846+05:30  INFO 610275 --- [           main] o.f.core.internal.command.DbMigrate      : Migrating schema "public" to version "3 - add dept course semester"
2026-02-10T14:16:05.883+05:30  INFO 610275 --- [           main] o.f.core.internal.command.DbMigrate      : Migrating schema "public" to version "4 - seed data"
2026-02-10T14:16:12.359+05:30  INFO 610275 --- [           main] o.f.core.internal.command.DbMigrate      : Migrating schema "public" to version "5 - update test password"
2026-02-10T14:16:15.373+05:30  INFO 610275 --- [           main] o.f.core.internal.command.DbMigrate      : Successfully applied 5 migrations to schema "public", now at version v5 (execution time 00:15.601s)
2026-02-10T14:16:17.114+05:30  INFO 610275 --- [           main] o.hibernate.jpa.internal.util.LogHelper  : HHH000204: Processing PersistenceUnitInfo [name: default]
2026-02-10T14:16:17.155+05:30  INFO 610275 --- [           main] org.hibernate.Version                    : HHH000412: Hibernate ORM core version 6.6.33.Final
2026-02-10T14:16:17.187+05:30  INFO 610275 --- [           main] o.h.c.internal.RegionFactoryInitiator    : HHH000026: Second-level cache disabled
2026-02-10T14:16:17.454+05:30  INFO 610275 --- [           main] o.s.o.j.p.SpringPersistenceUnitInfo      : No LoadTimeWeaver setup: ignoring JPA class transformer
2026-02-10T14:16:17.775+05:30  WARN 610275 --- [           main] org.hibernate.orm.deprecation            : HHH90000025: PostgreSQLDialect does not need to be specified explicitly using 'hibernate.dialect' (remove the property setting and it will be selected by default)
2026-02-10T14:16:18.148+05:30  INFO 610275 --- [           main] org.hibernate.orm.connections.pooling    : HHH10001005: Database info:
	Database JDBC URL [Connecting through datasource 'HikariDataSource (HikariPool-1)']
	Database driver: undefined/unknown
	Database version: 17.6
	Autocommit mode: undefined/unknown
	Isolation level: undefined/unknown
	Minimum pool size: undefined/unknown
	Maximum pool size: undefined/unknown
2026-02-10T14:16:19.409+05:30  INFO 610275 --- [           main] o.h.e.t.j.p.i.JtaPlatformInitiator       : HHH000489: No JTA platform available (set 'hibernate.transaction.jta.platform' to enable JTA platform integration)
2026-02-10T14:16:20.754+05:30  INFO 610275 --- [           main] j.LocalContainerEntityManagerFactoryBean : Initialized JPA EntityManagerFactory for persistence unit 'default'
2026-02-10T14:16:21.156+05:30  INFO 610275 --- [           main] o.s.d.j.r.query.QueryEnhancerFactory     : Hibernate is in classpath; If applicable, HQL parser will be used.
2026-02-10T14:16:22.073+05:30  WARN 610275 --- [           main] JpaBaseConfiguration$JpaWebConfiguration : spring.jpa.open-in-view is enabled by default. Therefore, database queries may be performed during view rendering. Explicitly configure spring.jpa.open-in-view to disable this warning
2026-02-10T14:16:22.289+05:30  WARN 610275 --- [           main] .s.s.UserDetailsServiceAutoConfiguration : 

Using generated security password: 9da26c93-1213-4e01-a6ae-5f20105b7e60

This generated password is for development use only. Your security configuration must be updated before running your application in production.

2026-02-10T14:16:22.298+05:30  INFO 610275 --- [           main] r$InitializeUserDetailsManagerConfigurer : Global AuthenticationManager configured with UserDetailsService bean with name inMemoryUserDetailsManager
2026-02-10T14:16:22.654+05:30  INFO 610275 --- [           main] o.s.b.w.embedded.tomcat.TomcatWebServer  : Tomcat started on port 8080 (http) with context path '/'
2026-02-10T14:16:22.664+05:30  INFO 610275 --- [           main] c.t.t.TimetableApiApplication            : Started TimetableApiApplication in 62.844 seconds (process running for 63.193)
2026-02-10T14:19:21.856+05:30  INFO 610275 --- [nio-8080-exec-1] o.a.c.c.C.[Tomcat].[localhost].[/]       : Initializing Spring DispatcherServlet 'dispatcherServlet'
2026-02-10T14:19:21.857+05:30  INFO 610275 --- [nio-8080-exec-1] o.s.web.servlet.DispatcherServlet        : Initializing Servlet 'dispatcherServlet'
2026-02-10T14:19:21.861+05:30  INFO 610275 --- [nio-8080-exec-1] o.s.web.servlet.DispatcherServlet        : Completed initialization in 3 ms
Hibernate: select u1_0.user_id,u1_0.email,u1_0.password_hash,u1_0.role from users u1_0 where u1_0.email=?
Hibernate: select f1_0.faculty_id,f1_0.date_of_birth,f1_0.date_of_joining,f1_0.department_id,f1_0.designation,f1_0.first_name,f1_0.last_name,f1_0.middle_initial,f1_0.user_id from faculty f1_0 left join users u1_0 on u1_0.user_id=f1_0.user_id where u1_0.user_id=?
Hibernate: select d1_0.department_id,d1_0.name from departments d1_0 where d1_0.department_id=?
Hibernate: select dc1_0.designation,dc1_0.max_lab_hours,dc1_0.max_lecture_hours,dc1_0.max_total_hours,dc1_0.priority_level from designation_constraints dc1_0 where dc1_0.designation=?
Hibernate: select sc1_0.class_id,sc1_0.offering_id,sc1_0.day_of_week,sc1_0.end_time,sc1_0.room_id,sc1_0.start_time from scheduled_classes sc1_0 left join course_offerings co1_0 on co1_0.offering_id=sc1_0.offering_id left join faculty f1_0 on f1_0.faculty_id=co1_0.faculty_id where f1_0.faculty_id=?
Hibernate: select co1_0.offering_id,co1_0.course_id,c1_0.course_id,c1_0.course_code,c1_0.course_name,c1_0.course_type,c1_0.credit_hours,c1_0.lecture_hours,c1_0.practical_hours,c1_0.tutorial_hours,co1_0.faculty_id,f1_0.faculty_id,f1_0.date_of_birth,f1_0.date_of_joining,f1_0.department_id,d1_0.department_id,d1_0.name,f1_0.designation,dc1_0.designation,dc1_0.max_lab_hours,dc1_0.max_lecture_hours,dc1_0.max_total_hours,dc1_0.priority_level,f1_0.first_name,f1_0.last_name,f1_0.middle_initial,f1_0.user_id,u1_0.user_id,u1_0.email,u1_0.password_hash,u1_0.role,co1_0.section_id,s1_0.section_id,s1_0.department_id,d2_0.department_id,d2_0.name,s1_0.name,s1_0.semester,s1_0.student_count,s1_0.year from course_offerings co1_0 join courses c1_0 on c1_0.course_id=co1_0.course_id join faculty f1_0 on f1_0.faculty_id=co1_0.faculty_id join departments d1_0 on d1_0.department_id=f1_0.department_id join designation_constraints dc1_0 on dc1_0.designation=f1_0.designation join users u1_0 on u1_0.user_id=f1_0.user_id join sections s1_0 on s1_0.section_id=co1_0.section_id join departments d2_0 on d2_0.department_id=s1_0.department_id where co1_0.offering_id=?
Hibernate: select r1_0.room_id,r1_0.capacity,r1_0.room_number,r1_0.type from rooms r1_0 where r1_0.room_id=?
2026-02-10T14:33:46.503+05:30  WARN 610275 --- [l-1:housekeeper] com.zaxxer.hikari.pool.PoolBase          : HikariPool-1 - Failed to validate connection org.postgresql.jdbc.PgConnection@302a7f13 (This connection has been closed.). Possibly consider using a shorter maxLifetime value.
2026-02-10T14:34:26.832+05:30  WARN 610275 --- [l-1:housekeeper] com.zaxxer.hikari.pool.PoolBase          : HikariPool-1 - Failed to validate connection org.postgresql.jdbc.PgConnection@3f5fda49 (This connection has been closed.). Possibly consider using a shorter maxLifetime value.
2026-02-10T14:34:36.844+05:30  WARN 610275 --- [l-1:housekeeper] com.zaxxer.hikari.pool.PoolBase          : HikariPool-1 - Failed to validate connection org.postgresql.jdbc.PgConnection@279569db (This connection has been closed.). Possibly consider using a shorter maxLifetime value.
2026-02-10T14:34:46.854+05:30  WARN 610275 --- [l-1:housekeeper] com.zaxxer.hikari.pool.PoolBase          : HikariPool-1 - Failed to validate connection org.postgresql.jdbc.PgConnection@7f01405a (This connection has been closed.). Possibly consider using a shorter maxLifetime value.
2026-02-10T14:34:56.864+05:30  WARN 610275 --- [l-1:housekeeper] com.zaxxer.hikari.pool.PoolBase          : HikariPool-1 - Failed to validate connection org.postgresql.jdbc.PgConnection@7a3f08b6 (This connection has been closed.). Possibly consider using a shorter maxLifetime value.
2026-02-10T14:35:06.875+05:30  WARN 610275 --- [l-1:housekeeper] com.zaxxer.hikari.pool.PoolBase          : HikariPool-1 - Failed to validate connection org.postgresql.jdbc.PgConnection@c0ac714 (This connection has been closed.). Possibly consider using a shorter maxLifetime value.
2026-02-10T14:35:06.876+05:30  WARN 610275 --- [l-1:housekeeper] com.zaxxer.hikari.pool.HikariPool        : HikariPool-1 - Thread starvation or clock leap detected (housekeeper delta=1m5s761ms868µs520ns).
2026-02-10T14:35:16.918+05:30  WARN 610275 --- [l-1:housekeeper] com.zaxxer.hikari.pool.PoolBase          : HikariPool-1 - Failed to validate connection org.postgresql.jdbc.PgConnection@18461adf (This connection has been closed.). Possibly consider using a shorter maxLifetime value.
2026-02-10T14:35:26.928+05:30  WARN 610275 --- [l-1:housekeeper] com.zaxxer.hikari.pool.PoolBase          : HikariPool-1 - Failed to validate connection org.postgresql.jdbc.PgConnection@1473e582 (This connection has been closed.). Possibly consider using a shorter maxLifetime value.
2026-02-10T14:35:36.939+05:30  WARN 610275 --- [l-1:housekeeper] com.zaxxer.hikari.pool.PoolBase          : HikariPool-1 - Failed to validate connection org.postgresql.jdbc.PgConnection@2786ff24 (This connection has been closed.). Possibly consider using a shorter maxLifetime value.
2026-02-10T14:35:46.950+05:30  WARN 610275 --- [l-1:housekeeper] com.zaxxer.hikari.pool.PoolBase          : HikariPool-1 - Failed to validate connection org.postgresql.jdbc.PgConnection@3f13bc20 (This connection has been closed.). Possibly consider using a shorter maxLifetime value.
[[1;34mINFO[m] [1m------------------------------------------------------------------------[m
[[1;34mINFO[m] [1;31mBUILD FAILURE[m
[[1;34mINFO[m] [1m------------------------------------------------------------------------[m
[[1;34mINFO[m] Total time:  20:36 min
[[1;34mINFO[m] Finished at: 2026-02-10T14:35:52+05:30
[[1;34mINFO[m] [1m------------------------------------------------------------------------[m
[[1;31mERROR[m] Failed to execute goal [32morg.springframework.boot:spring-boot-maven-plugin:3.5.7:run[m [1m(default-cli)[m on project [36mtimetable-api[m: [1;31mProcess terminated with exit code: 137[m -> [1m[Help 1][m
[[1;31mERROR[m] 
[[1;31mERROR[m] To see the full stack trace of the errors, re-run Maven with the [1m-e[m switch.
[[1;31mERROR[m] Re-run Maven using the [1m-X[m switch to enable full debug logging.
[[1;31mERROR[m] 
[[1;31mERROR[m] For more information about the errors and possible solutions, please read the following articles:
[[1;31mERROR[m] [1m[Help 1][m http://cwiki.apache.org/confluence/display/MAVEN/MojoExecutionException
